============================= test session starts =============================
platform win32 -- Python 3.13.0, pytest-9.0.1, pluggy-1.6.0 -- E:\python\python313\python.exe
cachedir: .pytest_cache
rootdir: C:\Users\lihuo\Desktop\重构\TG ONE
configfile: pytest.ini
plugins: anyio-4.12.1, asyncio-1.3.0, cov-7.0.0, mock-3.15.1, xdist-3.8.0
asyncio: mode=Mode.AUTO, debug=False, asyncio_default_fixture_loop_scope=None, asyncio_default_test_loop_scope=function
collecting ... collected 1 item

tests/integration/test_web_full_link.py::test_web_full_link_rule_cycle 
------------------------------- live log setup --------------------------------
2026-01-29 17:07:57 [    INFO] Failed to load SSL library: <class 'OSError'> (no library called "ssl" found)
2026-01-29 17:07:57 [    INFO] cryptg module not installed and libssl not found, falling back to (slower) Python encryption
2026-01-29 17:07:57 [    INFO] Bloom Filter (L0) 初始化成功
2026-01-29 17:07:57 [    INFO] HLL (HyperLogLog) 初始化成功
2026-01-29 17:07:57 [    INFO] SimHash 引擎与 LSH Forest 索引系统初始化成功
2026-01-29 17:07:57 [    INFO] Bloom Filter Service initialized using consolidated utils implementation
2026-01-29 17:07:57 [    INFO] 使用转发记录目录: E:\重构\TG ONE\zhuanfaji
2026-01-29 17:07:57 [    INFO] ForwardRecorder 初始化完成，模式: summary
2026-01-29 17:07:57 [    INFO] [Database] 初始化数据库连接，模式=共享引擎
2026-01-29 17:07:57 [    INFO] [Database] 使用共享引擎: sqlite+aiosqlite:///file:testdb_master?cache=shared&mode=memory&uri=true
2026-01-29 17:07:57 [    INFO] [Database] 会话工厂已初始化
2026-01-29 17:07:57 [    INFO] Container connected to shared database engine: sqlite+aiosqlite:///file:testdb_master?cache=shared&mode=memory&uri=true
2026-01-29 17:07:57 [    INFO] EventBus initialized
2026-01-29 17:07:58 [    INFO] RSS数据路径: C:\Users\lihuo\Desktop\重构\TG ONE\rss\data
2026-01-29 17:07:58 [    INFO] RSS媒体路径: C:\Users\lihuo\Desktop\重构\TG ONE\rss\media
-------------------------------- live log call --------------------------------
2026-01-29 17:07:58 [    INFO] \U0001f310 [WebAPI] \u8bf7\u6c42\u5f00\u59cb: TraceID=3e508e96-503d-4fa9-a833-a5400749790c, IP=127.0.0.1, \u65b9\u6cd5=POST, \u8def\u5f84=/api/rules\n2026-01-29 17:07:58 [    INFO] [Web-API] 用户 admin (127.0.0.1) 正在创建规则: 来源=100, 目标=200, 启用=True, 去重=False
2026-01-29 17:07:58 [    INFO] [Web-API] 用户 admin 规则创建成功，ID=1
2026-01-29 17:07:58 [    INFO] \u2705 [WebAPI] \u8bf7\u6c42\u5b8c\u6210: TraceID=3e508e96-503d-4fa9-a833-a5400749790c, IP=127.0.0.1, \u65b9\u6cd5=POST, \u8def\u5f84=/api/rules, \u72b6\u6001\u7801=200, \u8017\u65f6=45.77ms\n2026-01-29 17:07:58 [    INFO] HTTP Request: POST http://test/api/rules "HTTP/1.1 200 OK"
2026-01-29 17:07:58 [    INFO] \U0001f310 [WebAPI] \u8bf7\u6c42\u5f00\u59cb: TraceID=7d42d357-9ed1-4b5d-a93b-e97812646d87, IP=127.0.0.1, \u65b9\u6cd5=GET, \u8def\u5f84=/api/rules\n2026-01-29 17:07:58 [    INFO] \u2705 [WebAPI] \u8bf7\u6c42\u5b8c\u6210: TraceID=7d42d357-9ed1-4b5d-a93b-e97812646d87, IP=127.0.0.1, \u65b9\u6cd5=GET, \u8def\u5f84=/api/rules, \u72b6\u6001\u7801=200, \u8017\u65f6=19.67ms\n2026-01-29 17:07:58 [    INFO] HTTP Request: GET http://test/api/rules?page=1&size=100 "HTTP/1.1 200 OK"
2026-01-29 17:07:58 [    INFO] \U0001f310 [WebAPI] \u8bf7\u6c42\u5f00\u59cb: TraceID=5b12b9b8-1d7f-417f-bf89-8ec7e6209436, IP=127.0.0.1, \u65b9\u6cd5=PUT, \u8def\u5f84=/api/rules/1\n2026-01-29 17:07:58 [    INFO] \u2705 [WebAPI] \u8bf7\u6c42\u5b8c\u6210: TraceID=5b12b9b8-1d7f-417f-bf89-8ec7e6209436, IP=127.0.0.1, \u65b9\u6cd5=PUT, \u8def\u5f84=/api/rules/1, \u72b6\u6001\u7801=200, \u8017\u65f6=13.07ms\n2026-01-29 17:07:58 [    INFO] HTTP Request: PUT http://test/api/rules/1 "HTTP/1.1 200 OK"
2026-01-29 17:07:58 [    INFO] \U0001f310 [WebAPI] \u8bf7\u6c42\u5f00\u59cb: TraceID=2e1159a5-b522-49c2-9daf-d4b8037690ff, IP=127.0.0.1, \u65b9\u6cd5=GET, \u8def\u5f84=/api/rules/logs\n2026-01-29 17:07:58 [    INFO] \u2705 [WebAPI] \u8bf7\u6c42\u5b8c\u6210: TraceID=2e1159a5-b522-49c2-9daf-d4b8037690ff, IP=127.0.0.1, \u65b9\u6cd5=GET, \u8def\u5f84=/api/rules/logs, \u72b6\u6001\u7801=422, \u8017\u65f6=1.28ms\n2026-01-29 17:07:58 [    INFO] HTTP Request: GET http://test/api/rules/logs?rule_id=1 "HTTP/1.1 422 Unprocessable Entity"
FAILED                                                                   [100%]

================================== FAILURES ===================================
________________________ test_web_full_link_rule_cycle ________________________
tests\integration\test_web_full_link.py:136: in test_web_full_link_rule_cycle
    assert resp_logs.status_code == 200
E   assert 422 == 200
E    +  where 422 = <Response [422 Unprocessable Entity]>.status_code
----------------------------- Captured log setup ------------------------------
INFO     telethon.crypto.libssl:libssl.py:79 Failed to load SSL library: <class 'OSError'> (no library called "ssl" found)
INFO     telethon.crypto.aes:aes.py:25 cryptg module not installed and libssl not found, falling back to (slower) Python encryption
INFO     services.dedup.engine:engine.py:147 Bloom Filter (L0) 初始化成功
INFO     services.dedup.engine:engine.py:156 HLL (HyperLogLog) 初始化成功
INFO     services.dedup.engine:engine.py:173 SimHash 引擎与 LSH Forest 索引系统初始化成功
INFO     services.bloom_filter:bloom_filter.py:24 Bloom Filter Service initialized using consolidated utils implementation
INFO     core.helpers.forward_recorder:logging.py:444 使用转发记录目录: E:\重构\TG ONE\zhuanfaji
INFO     core.helpers.forward_recorder:logging.py:444 ForwardRecorder 初始化完成，模式: summary
INFO     core.database:database.py:9 [Database] 初始化数据库连接，模式=共享引擎
INFO     core.database:database.py:14 [Database] 使用共享引擎: sqlite+aiosqlite:///file:testdb_master?cache=shared&mode=memory&uri=true
INFO     core.database:database.py:40 [Database] 会话工厂已初始化
INFO     core.container:container.py:28 Container connected to shared database engine: sqlite+aiosqlite:///file:testdb_master?cache=shared&mode=memory&uri=true
INFO     core.container:container.py:35 EventBus initialized
INFO     web_admin.rss.core.config:config.py:54 RSS数据路径: C:\Users\lihuo\Desktop\重构\TG ONE\rss\data
INFO     web_admin.rss.core.config:config.py:55 RSS媒体路径: C:\Users\lihuo\Desktop\重构\TG ONE\rss\media
------------------------------ Captured log call ------------------------------
INFO     web_admin.middlewares.trace_middleware:trace_middleware.py:26 \U0001f310 [WebAPI] \u8bf7\u6c42\u5f00\u59cb: TraceID=3e508e96-503d-4fa9-a833-a5400749790c, IP=127.0.0.1, \u65b9\u6cd5=POST, \u8def\u5f84=/api/rules\nINFO     web_admin.routers.rules.rule_crud_router:rule_crud_router.py:56 [Web-API] \u7528\u6237 admin (127.0.0.1) \u6b63\u5728\u521b\u5efa\u89c4\u5219: \u6765\u6e90=100, \u76ee\u6807=200, \u542f\u7528=True, \u53bb\u91cd=False\nINFO     web_admin.routers.rules.rule_crud_router:rule_crud_router.py:68 [Web-API] \u7528\u6237 admin \u89c4\u5219\u521b\u5efa\u6210\u529f\uff0cID=1\nINFO     web_admin.middlewares.trace_middleware:trace_middleware.py:47 \u2705 [WebAPI] \u8bf7\u6c42\u5b8c\u6210: TraceID=3e508e96-503d-4fa9-a833-a5400749790c, IP=127.0.0.1, \u65b9\u6cd5=POST, \u8def\u5f84=/api/rules, \u72b6\u6001\u7801=200, \u8017\u65f6=45.77ms\nINFO     httpx:_client.py:1740 HTTP Request: POST http://test/api/rules "HTTP/1.1 200 OK"\nINFO     web_admin.middlewares.trace_middleware:trace_middleware.py:26 \U0001f310 [WebAPI] \u8bf7\u6c42\u5f00\u59cb: TraceID=7d42d357-9ed1-4b5d-a93b-e97812646d87, IP=127.0.0.1, \u65b9\u6cd5=GET, \u8def\u5f84=/api/rules\nINFO     web_admin.middlewares.trace_middleware:trace_middleware.py:47 \u2705 [WebAPI] \u8bf7\u6c42\u5b8c\u6210: TraceID=7d42d357-9ed1-4b5d-a93b-e97812646d87, IP=127.0.0.1, \u65b9\u6cd5=GET, \u8def\u5f84=/api/rules, \u72b6\u6001\u7801=200, \u8017\u65f6=19.67ms\nINFO     httpx:_client.py:1740 HTTP Request: GET http://test/api/rules?page=1&size=100 "HTTP/1.1 200 OK"\nINFO     web_admin.middlewares.trace_middleware:trace_middleware.py:26 \U0001f310 [WebAPI] \u8bf7\u6c42\u5f00\u59cb: TraceID=5b12b9b8-1d7f-417f-bf89-8ec7e6209436, IP=127.0.0.1, \u65b9\u6cd5=PUT, \u8def\u5f84=/api/rules/1\nINFO     web_admin.middlewares.trace_middleware:trace_middleware.py:47 \u2705 [WebAPI] \u8bf7\u6c42\u5b8c\u6210: TraceID=5b12b9b8-1d7f-417f-bf89-8ec7e6209436, IP=127.0.0.1, \u65b9\u6cd5=PUT, \u8def\u5f84=/api/rules/1, \u72b6\u6001\u7801=200, \u8017\u65f6=13.07ms\nINFO     httpx:_client.py:1740 HTTP Request: PUT http://test/api/rules/1 "HTTP/1.1 200 OK"\nINFO     web_admin.middlewares.trace_middleware:trace_middleware.py:26 \U0001f310 [WebAPI] \u8bf7\u6c42\u5f00\u59cb: TraceID=2e1159a5-b522-49c2-9daf-d4b8037690ff, IP=127.0.0.1, \u65b9\u6cd5=GET, \u8def\u5f84=/api/rules/logs\nINFO     web_admin.middlewares.trace_middleware:trace_middleware.py:47 \u2705 [WebAPI] \u8bf7\u6c42\u5b8c\u6210: TraceID=2e1159a5-b522-49c2-9daf-d4b8037690ff, IP=127.0.0.1, \u65b9\u6cd5=GET, \u8def\u5f84=/api/rules/logs, \u72b6\u6001\u7801=422, \u8017\u65f6=1.28ms\nINFO     httpx:_client.py:1740 HTTP Request: GET http://test/api/rules/logs?rule_id=1 "HTTP/1.1 422 Unprocessable Entity"
=========================== short test summary info ===========================
FAILED tests/integration/test_web_full_link.py::test_web_full_link_rule_cycle - assert 422 == 200
 +  where 422 = <Response [422 Unprocessable Entity]>.status_code
============================== 1 failed in 1.05s ==============================
